<p><!-- - --></p>

<p>První<!-- komentář --> <!--[ komentář2 ]--><!-- komentář3 < > --></p>
<!-- invalid  -  comment1 --><!-- invalid  -  comment2 - --><!-- -  invalid  -  comment2 - -->
