<h1>A First Level Header</h1>

<h2>A Second Level Header</h2>

<h3>A Third Level Header</h3>

<h4>A Fourth Level Header</h4>

<h1>Největší titulek</h1>

<h2>střední titulek</h2>

<h3>malý titulek</h3>
