<h1 id="toc-title">Title</h1>

<h2 id="toc-subtitle-123">subtitle * 123</h2>

<pre class="html"><code>&lt;h3&gt;&lt;strong&gt;aa&lt;/strong&gt;&lt;/h3&gt;

&lt;h4&gt;&lt;strong&gt;bb&lt;/strong&gt;&lt;/h4&gt;</code></pre>

<h1 id="toc-jiny-toc">Title</h1>

<h3 id="toc-last-title">last title</h3>
