<table>
	<tr>
		<td valign="TOP">Deal 15.<br />
		<img src="x.gif" width="100" alt="" /></td>

		<td><img src="s.gif" alt="S" /> A 7 6<br />
		<img src="h.gif" alt="H" /> 10 6<br />
		<img src="d.gif" alt="D" /> J 5 4 2<br />
		<img src="c.gif" alt="C" /> A 10 7 3</td>
	</tr>

	<tr>
		<td><img src="s.gif" alt="S" /> Q J 8 4<br />
		<img src="h.gif" alt="H" /> K Q 3<br />
		<img src="d.gif" alt="D" /> A Q 9 8<br />
		<img src="c.gif" alt="C" /> J 8</td>

		<td><img src="t.gif" alt="[W - E]" /></td>

		<td><img src="s.gif" alt="S" /> 2<br />
		<img src="h.gif" alt="H" /> J 8 4 2<br />
		<img src="d.gif" alt="D" /> K 10 7 6<br />
		<img src="c.gif" alt="C" /> 9 6 5 4</td>
	</tr>

	<tr>
		<td valign="BOTTOM"></td>

		<td><img src="s.gif" alt="S" /> K 10 9 5 3<br />
		<img src="h.gif" alt="H" /> A 9 7 5<br />
		<img src="d.gif" alt="D" /> 3<br />
		<img src="c.gif" alt="C" /> K Q 2</td>
	</tr>
</table>

<p></p>

<table>
	<tr>
		<td valign="TOP">Deal 15.<br />
		<img src="x.gif" width="100" alt="" /></td>

		<td><img src="s.gif" alt="S" /> A 7 6<br />
		<img src="h.gif" alt="H" /> 10 6<br />
		<img src="d.gif" alt="D" /> J 5 4 2<br />
		<img src="c.gif" alt="C" /> A 10 7 3</td>
	</tr>

	<tr>
		<td><img src="s.gif" alt="S" /> Q J 8 4<br />
		<img src="h.gif" alt="H" /> K Q 3<br />
		<img src="d.gif" alt="D" /> A Q 9 8<br />
		<img src="c.gif" alt="C" /> J 8</td>

		<td><img src="t.gif" alt="[W - E]" /></td>

		<td><img src="s.gif" alt="S" /> 2<br />
		<img src="h.gif" alt="H" /> J 8 4 2<br />
		<img src="d.gif" alt="D" /> K 10 7 6<br />
		<img src="c.gif" alt="C" /> 9 6 5 4</td>
	</tr>

	<tr>
		<td valign="BOTTOM"></td>

		<td><img src="s.gif" alt="S" /> K 10 9 5 3<br />
		<img src="h.gif" alt="H" /> A 9 7 5<br />
		<img src="d.gif" alt="D" /> 3<br />
		<img src="c.gif" alt="C" /> K Q 2</td>
	</tr>
</table>

<p></p>
