<head>
	<link rel="stylesheet" media="test2" />
</head>

<p>Pokus</p>
