<p>This &lt;strong&gt;example&lt;/stron­g&gt; shows how &lt;a href=http://w­ww.texy.info title=‚Texy! excellent text-to-html converter &amp; formatter‘&gt;Te­xy!&lt;/a&gt;
handle HTML tags.</p>

<p>Dangerous &lt;span onmouseover=„a­lert(‚onmouse­over‘)“&gt;span&lt;­/span&gt;</p>

<p>&lt;div id=„page“&gt;<br />
Hello! &lt;/div&gt;</p>

<p>&lt;my /&gt;..&lt;/my&gt;</p>

<p>&lt;span /&gt;..&lt;/span&gt;</p>

<p>&lt;span title=„pokus“&gt;…&lt;/span title=„pokus“&gt;</p>

<p>&lt;form&gt; test1</p>

<p>&lt;form&gt;test2&lt;/form&gt;</p>

<p>test3 &lt;/form&gt;</p>

<p>&lt;a href=„one“&gt;tex­t1&lt;span&gt;&lt;a href=„two“&gt;tes­t2&lt;/a&gt;test3&lt;/a&gt;&lt;/span&gt;</p>

<p>&lt;a href=„one“&gt;tex­t1&lt;span&gt;&lt;a href=„two“&gt;tes­t2&lt;/span&gt;&lt;/a&gt;tes­t3&lt;/a&gt;&lt;/span&gt;</p>

<p>&lt;a href=" <a href="http://www.texy.info" rel="nofollow">http://www.texy.info</a> „&gt;&lt;img src=“ image.gif "&gt;&lt;/a&gt;</p>
