<p>This <strong>example</strong> shows how <a href="http://www.texy.info" title="Texy! excellent text-to-html converter &amp; formatter" rel="nofollow">Texy!</a> handle
HTML tags.</p>

<p>Dangerous &lt;span onmouseover=„a­lert(‚onmouse­over‘)“&gt;span&lt;­/span&gt;</p>

<p>&lt;div id=„page“&gt;<br />
Hello! &lt;/div&gt;</p>

<p>&lt;my /&gt;..&lt;/my&gt;</p>

<p>&lt;span /&gt;..&lt;/span&gt;</p>

<p>&lt;span title=„pokus“&gt;…&lt;/span title=„pokus“&gt;</p>

<p>&lt;form&gt; test1</p>

<p>&lt;form&gt;test2&lt;/form&gt;</p>

<p>test3 &lt;/form&gt;</p>

<p><a href="one">text1&lt;span&gt;tes­t2test3</a>&lt;/span&gt;</p>

<p><a href="one">text1&lt;span&gt;tes­t2&lt;/span&gt;test3</a>&lt;/span&gt;</p>

<p><a href="http://www.texy.info" rel="nofollow">&lt;img src=" image.gif "&gt;</a></p>
