<p>This <strong>example</strong> shows how <a href="http://www.texy.info" title="Texy! excellent text-to-html converter &amp; formatter">Texy!</a> handle HTML tags.</p>

<p>Dangerous <span onmouseover="alert('onmouseover')">span</span></p>

<div id="page">Hello!</div>

<p>&lt;my /&gt;..&lt;/my&gt;</p>

<p><span>..</span></p>

<p><span title="pokus">…&lt;/span title=„pokus“&gt;</span></p>

<form>test1test2test3</form>

<p><a href="one">text1<span>test2test3</span></a><span></span></p>

<p><a href="one">text1<span>test2</span>test3</a></p>

<div><a href="http://www.texy.info"><img src="image.gif" /></a></div>
