	<p>Normální text další řádek<br />
	odsazeno přesně mezerou</p>

	<ol style="list-style-type:upper-roman">
		<li>odrážka
			<p>text</p>
		</li>

		<li>odrážka
			<p>text</p>
		</li>
	</ol>

	<ul>
		<li>odrážka
			<p>text</p>
		</li>
	</ul>

	<ul>
		<li>odrážka
			<p>text</p>
		</li>

		<li>odrážka
			<p>další řádek</p>

			<p>další řádek<br />
			odsazeno přesně mezerou</p>

			<p>další řádek<br />
			odsazeno přesně mezerou<br />
			hodně odsazeno</p>
		</li>
	</ul>

	<p>konec<br />
	hodně odsazeno<br />
	hodně odsazeno</p>

	<p>hodně odsazeno</p>
