<h1>Odkazy</h1>

<ul>
	<li>odkaz <a href="http://creativecommons.org/license/" rel="nofollow">pokus</a></li>

	<li>odkaz <a href="[*obrazek3*]" title="ahoj">pokus</a></li>

	<li>odkaz<a href="aa"></a> prázdný</li>

	<li>odkaz &lt;a&gt;test prázdný</li>

	<li>Klasický odkaz <a href="http://phpfashion.com/" rel="nofollow">php Fashion</a>?</li>

	<li>Klasický odkaz <a href="/trine/">php Fashion</a>x</li>

	<li>Klasický odkaz <a href="xxx/./trine/">php Fashion</a>x</li>

	<li>Klasický odkaz <a href="mailto:dave&#64;example.com">php Fashion</a>x</li>

	<li>Klasický odkaz <a href="mailto:dave&#64;example.com">php Fashion</a></li>

	<li>Referenční odkaz <a href="xxx/php Fashion1">php Fashion</a></li>

	<li>Referenční odkaz <a href="xxx/php Fashion2">php Fashion</a></li>

	<li>Referenční odkaz <a href="xxx/php Fashion3">php Fashion</a></li>

	<li>Referenční odkaz <a href="xxx/email">php Fashion</a></li>

	<li>Referenční odkaz <a href="xxx/php Fashion1" title="title2">php Fashion</a>?</li>

	<li>Referenční odkaz <a href="xxx/php Fashion2" title="title2">php Fashion</a>?</li>

	<li>Referenční odkaz <a href="xxx/php Fashion1#12">php Fashion</a>?</li>

	<li>Referenční odkaz <a href="xxx/php Fashion2?a=45">php Fashion</a>?</li>

	<li>Čistě referenční odkaz [php Fashion1]</li>

	<li>Čistě referenční odkaz [php Fashion2]</li>

	<li>Čistě referenční odkaz [php Fashion3]</li>

	<li>Čistě referenční odkaz [email]</li>

	<li>wiki link <a href="http://texy.info" rel="nofollow">Texy</a></li>

	<li>wiki link <a href="http://texy.info" rel="nofollow">Texy</a></li>

	<li>markdown link <a href="http://texy.info" rel="nofollow">Texy</a></li>

	<li>markdown link <a href="http://texy.info" rel="nofollow">Texy</a></li>
</ul>

<h1>Obrázkové odkazy:</h1>

<ul>
	<li>Klasický odkaz <a href="../images/big/texy-big.jpg" onclick="return !popupImage(this.href)">obrazek</a></li>

	<li>Klasický odkaz <a href="../images/big/texy-big.jpg" onclick="return !popupImage(this.href)">obrazek</a></li>

	<li>Klasický odkaz <a href="../images/big/texy-big.jpg | 2 |3" onclick="return !popupImage(this.href)">obrazek</a></li>

	<li>Referenční odkaz <a href="xxx/neobrazek1">obrazek</a></li>

	<li>Referenční odkaz <a href="../images/big/texy.jpg" title="altX" onclick="return !popupImage(this.href)">obrazek</a></li>

	<li>Referenční odkaz <a href="../images/big/texy.jpg" onclick="return !popupImage(this.href)">obrazek</a></li>

	<li>Čistě referenční odkaz [neobrazek1]</li>

	<li>Čistě referenční odkaz [neobrazek2]</li>

	<li>Čistě referenční odkaz [neobrazek3]</li>

	<li>Čistě referenční odkaz [neobrazek4]</li>
</ul>

<h1>Odkazující obrázky:</h1>

<ul>
	<li>Klasický odkaz [<em>texy.jpg</em>]:<a href="http://phpfashion.com/?" rel="nofollow">http://phpfashion.com/</a></li>

	<li>Klasický odkaz [*texy.jpg | texy-over.jpg .(title)[class] &lt;]:[<a href="mailto:dave&#64;example.com">dave&#64;<!-- -->example.com</a>]x</li>

	<li>Referenční odkaz [neobrazek1]:[php Fashion1]</li>

	<li>Referenční odkaz <a href="../images/big/texy.jpg" onclick="return !popupImage(this.href)">php Fashion</a></li>

	<li>Referenční odkaz <a href="../images/big/texy.jpg" onclick="return !popupImage(this.href)">php Fashion</a></li>

	<li>Referenční odkaz [<em>obrazek2</em>]:[e­mail]</li>

	<li>Referenční odkaz <a href="../images/big/texy.jpg" title="title2" onclick="return !popupImage(this.href)">php Fashion</a>?</li>

	<li>Referenční odkaz <a href="../images/big/texy.jpg" title="title2" onclick="return !popupImage(this.href)">php Fashion</a>?</li>

	<li>Referenční odkaz [<em>obrazek1</em>]:[php Fashion2]</li>

	<li>Referenční odkaz [<em>obrazek2</em>]:[/tri­ne/]x</li>

	<li>Referenční odkaz [*obrazek3&lt;]::</li>

	<li>Referenční odkaz [*obrazek2&gt;]::</li>

	<li>Referenční odkaz [<em>obrazek4</em>]:[<em>o­brazek1</em>]</li>

	<li>Čistě referenční obrázek [<em>obrazek1</em>]</li>

	<li>Čistě referenční obrázek [<em>obrazek2</em>]</li>

	<li>Čistě referenční obrázek [<em>obrazek3</em>]</li>

	<li>Čistě referenční obrázek [<em>obrazek4</em>]</li>
</ul>

<h1>Obrázek s popiskou</h1>

<p>[* texy.gif *]:[home] * popiska s plným formátováním</p>

<h1>Rel nofollow</h1>

<ul>
	<li>relnofollow odkaz <a href="http://phpfashion.com/" rel="nofollow">php Fashion</a>?</li>

	<li>relnofollow odkaz <a href="/trine/">php Fashion</a>x</li>

	<li>relnofollow odkaz <a href="xxx/./trine/">php Fashion</a>x</li>

	<li>relnofollow odkaz <a href="mailto:dave&#64;example.com" rel="nofollow">php Fashion</a>x</li>

	<li>relnofollow odkaz <a href="mailto:dave&#64;example.com">php Fashion</a></li>

	<li>relnofollow odkaz <a href="/test">test1</a></li>

	<li>relnofollow odkaz <a href="mailto:test&#64;text.cz">test2</a></li>

	<li>relnofollow odkaz <a href="//server/path" rel="nofollow">test3</a></li>

	<li>relnofollow odkaz <a href="http://server/path" rel="nofollow">test4</a></li>

	<li>relnofollow odkaz <a href="http://server/path" rel="my nofollow">test5</a></li>
</ul>

<h1>Specialni</h1>

<ul>
	<li><a href="http://www.text.cz" rel="nofollow">text1</a></li>

	<li><a href="http://www.text.cz" rel="nofollow">text1</a>)</li>

	<li><a href="http://www.text.cz(" rel="nofollow">text1</a>)</li>

	<li><a href="http://www.text.cz(x" rel="nofollow">text1</a>)</li>

	<li>text2</li>

	<li>text3)</li>

	<li><a href="mailto:dave&#64;example.com">text4</a></li>

	<li>text4</li>

	<li><a href="#id">text</a></li>

	<li><a href="xxx/./xx">text</a></li>

	<li><a href="/xx">text</a></li>

	<li><a href="www.text.cz">test5</a></li>

	<li>&lt;a href=„hxxp://­test/“&gt;test6</li>

	<li>&lt;a href=„javascrip­t:alert('')“&gt;tes­t7</li>

	<li><a href="mailto:dave&#64;example.com">test8</a></li>
</ul>

<h1>Pure</h1>

<ul>
	<li><a href="http://www.texy.info" rel="nofollow">www.texy.info</a></li>

	<li><a href="http://www.texy.info/path" rel="nofollow">www.texy.info/path</a>, <a href="http://www.texy.info/path?" rel="nofollow">www.texy.info/path</a> <a
	href="http://www.texy.info/path" rel="nofollow">www.texy.info/path</a>! <a href="http://www.texy.info/path" rel="nofollow">www.texy.info/path</a>)</li>

	<li><a href="http://www.texy.info/path#flag" rel="nofollow">www.texy.info/path#flag</a></li>

	<li><a href="http://www.texy.info/path/#!/flag" rel="nofollow">www.texy.info/path/#…</a></li>

	<li><a href="http://texy.info" rel="nofollow">http://texy.info</a></li>

	<li><a href="https://texy.info" rel="nofollow">https://texy.info</a></li>

	<li><a href="ftp://example.com" rel="nofollow">ftp://example.com</a></li>

	<li>ftps://example.com</li>

	<li>ftps://user:pas­s@example.com</li>

	<li><a href="mailto:dave&#64;example.com">dave&#64;<!-- -->example.com</a></li>

	<li><a href="http://www.text.cz?(x" rel="nofollow">www.text.cz?(x</a>)</li>

	<li><a href="http://www.text.cz?(x)#$%10" rel="nofollow">www.text.cz?(x)</a></li>
</ul>

<p title="title">[php Fashion1]: <a href="http://phpfashion.com/" rel="nofollow">http://phpfashion.com/</a> text <em>o</em>dkazu [php Fashion2]: /trine/ .(title) [php Fashion3]:
./trine/ [email]: <a href="mailto:dave&#64;example.com">dave&#64;<!-- -->example.com</a> .(title)</p>

<p title="title">[neobrazek1]: [*texy-big.jpg | texy-big2.jpg*] text [neobrazek2]: [* texy-big.jpg *] text [neobrazek3]: [<em>texy-big.jpg</em>] [neobrazek4]: [<em>obrazek3</em>]
[<em>obrazek1</em>] .(test)</p>
