<p><a href="http://texy.info">texy</a> <a href="http://texy.info">texy</a> <a
href="http://texy.info">texy</a> <a href="http://texy.info">texy</a> <a
href="http://texy.info">texy</a> <a href="http://texy.info">texy</a> <a
href="http://texy.info">texy</a> <a href="http://texy.info">texy</a> <a
href="http://texy.info">texy</a> <a href="http://texy.info">texy</a> <a
href="http://texy.info">texy</a> <a href="http://texy.info">texy</a> <a
href="http://texy.info">texy</a> <a href="http://texy.info">texy</a> <a
href="http://texy.info">texy</a> <a href="http://texy.info">texy</a> <a
href="http://texy.info">texy</a> <a href="http://texy.info">texy</a> <a
href="http://texy.info">texy</a> <a href="http://texy.info">texy</a> <a
href="http://texy.info">texy</a> <a href="http://texy.info">texy</a> <a
href="http://texy.info">texy</a> <a href="http://texy.info">texy</a> <a
href="http://texy.info">texy</a> <a href="http://texy.info">texy</a> <a
href="http://texy.info">texy</a> <a href="http://texy.info">texy</a> <a
href="http://texy.info">texy</a> <a href="http://texy.info">texy</a> <a
href="http://texy.info">texy</a> <a href="http://texy.info">texy</a> <a
href="http://texy.info">texy</a> <a href="http://texy.info">texy</a> <a
href="http://texy.info">texy</a> <a href="http://texy.info">texy</a> <a
href="http://texy.info">texy</a> <a href="http://texy.info">texy</a> <a
href="http://texy.info">texy</a> <a href="http://texy.info">texy</a> <a
href="http://texy.info">texy</a> <a href="http://texy.info">texy</a> <a
href="http://texy.info">texy</a> <a href="http://texy.info">texy</a> <a
href="http://texy.info">texy</a> <a href="http://texy.info">texy</a> <a
href="http://texy.info">texy</a> <a href="http://texy.info">texy</a> <a
href="http://texy.info">texy</a> <a href="http://texy.info">texy</a> <a
href="http://texy.info">texy</a> <a href="http://texy.info">texy</a> <a
href="http://texy.info">texy</a> <a href="http://texy.info">texy</a> <a
href="http://texy.info">texy</a> <a href="http://texy.info">texy</a> <a
href="http://texy.info">texy</a> <a href="http://texy.info">texy</a> <a
href="http://texy.info">texy</a> <a href="http://texy.info">texy</a> <a
href="http://texy.info">texy</a> <a href="http://texy.info">texy</a> <a
href="http://texy.info">texy</a> <a href="http://texy.info">texy</a> <a
href="http://texy.info">texy</a> <a href="http://texy.info">texy</a> <a
href="http://texy.info">texy</a> <a href="http://texy.info">texy</a> <a
href="http://texy.info">texy</a> <a href="http://texy.info">texy</a> <a
href="http://texy.info">texy</a> <a href="http://texy.info">texy</a> <a
href="http://texy.info">texy</a> <a href="http://texy.info">texy</a> <a
href="http://texy.info">texy</a> <a href="http://texy.info">texy</a> <a
href="http://texy.info">texy</a> <a href="http://texy.info">texy</a> <a
href="http://texy.info">texy</a> <a href="http://texy.info">texy</a> <a
href="http://texy.info">texy</a> <a href="http://texy.info">texy</a> <a
href="http://texy.info">texy</a> <a href="http://texy.info">texy</a> <a
href="http://texy.info">texy</a> <a href="http://texy.info">texy</a> <a
href="http://texy.info">texy</a> <a href="http://texy.info">texy</a> <a
href="http://texy.info">texy</a> <a href="http://texy.info">texy</a> <a
href="http://texy.info">texy</a> <a href="http://texy.info">texy</a> <a
href="http://texy.info">texy</a> <a href="http://texy.info">texy</a> <a
href="http://texy.info">texy</a> <a href="http://texy.info">texy</a> <a
href="http://texy.info">texy</a> <a href="http://texy.info">texy</a> <a
href="http://texy.info">texy</a> <a href="http://texy.info">texy</a> <a
href="http://texy.info">texy</a> <a href="http://texy.info">texy</a> <a
href="http://texy.info">texy</a> <a href="http://texy.info">texy</a> <a
href="http://texy.info">texy</a> <a href="http://texy.info">texy</a> <a
href="http://texy.info">texy</a> <a href="http://texy.info">texy</a> <a
href="http://texy.info">texy</a> <a href="http://texy.info">texy</a> <a
href="http://texy.info">texy</a> <a href="http://texy.info">texy</a> <a
href="http://texy.info">texy</a> <a href="http://texy.info">texy</a> <a
href="http://texy.info">texy</a> <a href="http://texy.info">texy</a> <a
href="http://texy.info">texy</a> <a href="http://texy.info">texy</a> <a
href="http://texy.info">texy</a> <a href="http://texy.info">texy</a> <a
href="http://texy.info">texy</a> <a href="http://texy.info">texy</a> <a
href="http://texy.info">texy</a> <a href="http://texy.info">texy</a> <a
href="http://texy.info">texy</a> <a href="http://texy.info">texy</a> <a
href="http://texy.info">texy</a> <a href="http://texy.info">texy</a> <a
href="http://texy.info">texy</a> <a href="http://texy.info">texy</a> <a
href="http://texy.info">texy</a> <a href="http://texy.info">texy</a> <a
href="http://texy.info">texy</a> <a href="http://texy.info">texy</a> <a
href="http://texy.info">texy</a> <a href="http://texy.info">texy</a> <a
href="http://texy.info">texy</a> <a href="http://texy.info">texy</a> <a
href="http://texy.info">texy</a> <a href="http://texy.info">texy</a> <a
href="http://texy.info">texy</a> <a href="http://texy.info">texy</a> <a
href="http://texy.info">texy</a> <a href="http://texy.info">texy</a> <a
href="http://texy.info">texy</a> <a href="http://texy.info">texy</a> <a
href="http://texy.info">texy</a> <a href="http://texy.info">texy</a> <a
href="http://texy.info">texy</a> <a href="http://texy.info">texy</a> <a
href="http://texy.info">texy</a> <a href="http://texy.info">texy</a> <a
href="http://texy.info">texy</a> <a href="http://texy.info">texy</a> <a
href="http://texy.info">texy</a> <a href="http://texy.info">texy</a> <a
href="http://texy.info">texy</a> <a href="http://texy.info">texy</a> <a
href="http://texy.info">texy</a> <a href="http://texy.info">texy</a> <a
href="http://texy.info">texy</a> <a href="http://texy.info">texy</a> <a
href="http://texy.info">texy</a> <a href="http://texy.info">texy</a> <a
href="http://texy.info">texy</a> <a href="http://texy.info">texy</a> <a
href="http://texy.info">texy</a> <a href="http://texy.info">texy</a> <a
href="http://texy.info">texy</a> <a href="http://texy.info">texy</a> <a
href="http://texy.info">texy</a> <a href="http://texy.info">texy</a> <a
href="http://texy.info">texy</a> <a href="http://texy.info">texy</a> <a
href="http://texy.info">texy</a> <a href="http://texy.info">texy</a> <a
href="http://texy.info">texy</a> <a href="http://texy.info">texy</a> <a
href="http://texy.info">texy</a> <a href="http://texy.info">texy</a> <a
href="http://texy.info">texy</a> <a href="http://texy.info">texy</a> <a
href="http://texy.info">texy</a> <a href="http://texy.info">texy</a> <a
href="http://texy.info">texy</a> <a href="http://texy.info">texy</a> <a
href="http://texy.info">texy</a> <a href="http://texy.info">texy</a> <a
href="http://texy.info">texy</a> <a href="http://texy.info">texy</a> <a
href="http://texy.info">texy</a> <a href="http://texy.info">texy</a> <a
href="http://texy.info">texy</a> <a href="http://texy.info">texy</a> <a
href="http://texy.info">texy</a> <a href="http://texy.info">texy</a> <a
href="http://texy.info">texy</a> <a href="http://texy.info">texy</a> <a
href="http://texy.info">texy</a> <a href="http://texy.info">texy</a> <a
href="http://texy.info">texy</a> <a href="http://texy.info">texy</a> <a
href="http://texy.info">texy</a> <a href="http://texy.info">texy</a> <a
href="http://texy.info">texy</a> <a href="http://texy.info">texy</a> <a
href="http://texy.info">texy</a> <a href="http://texy.info">texy</a> <a
href="http://texy.info">texy</a> <a href="http://texy.info">texy</a> <a
href="http://texy.info">texy</a> <a href="http://texy.info">texy</a> <a
href="http://texy.info">texy</a> <a href="http://texy.info">texy</a> <a
href="http://texy.info">texy</a> <a href="http://texy.info">texy</a> <a
href="http://texy.info">texy</a> <a href="http://texy.info">texy</a> <a
href="http://texy.info">texy</a> <a href="http://texy.info">texy</a> <a
href="http://texy.info">texy</a> <a href="http://texy.info">texy</a> <a
href="http://texy.info">texy</a> <a href="http://texy.info">texy</a> <a
href="http://texy.info">texy</a> <a href="http://texy.info">texy</a> <a
href="http://texy.info">texy</a> <a href="http://texy.info">texy</a> <a
href="http://texy.info">texy</a> <a href="http://texy.info">texy</a> <a
href="http://texy.info">texy</a> <a href="http://texy.info">texy</a> <a
href="http://texy.info">texy</a> <a href="http://texy.info">texy</a> <a
href="http://texy.info">texy</a> <a href="http://texy.info">texy</a> <a
href="http://texy.info">texy</a> <a href="http://texy.info">texy</a> <a
href="http://texy.info">texy</a> <a href="http://texy.info">texy</a> <a
href="http://texy.info">texy</a> <a href="http://texy.info">texy</a> <a
href="http://texy.info">texy</a> <a href="http://texy.info">texy</a> <a
href="http://texy.info">texy</a> <a href="http://texy.info">texy</a> <a
href="http://texy.info">texy</a> <a href="http://texy.info">texy</a> <a
href="http://texy.info">texy</a> <a href="http://texy.info">texy</a> <a
href="http://texy.info">texy</a> <a href="http://texy.info">texy</a> <a
href="http://texy.info">texy</a> <a href="http://texy.info">texy</a> <a
href="http://texy.info">texy</a> <a href="http://texy.info">texy</a> <a
href="http://texy.info">texy</a> <a href="http://texy.info">texy</a> <a
href="http://texy.info">texy</a> <a href="http://texy.info">texy</a> <a
href="http://texy.info">texy</a> <a href="http://texy.info">texy</a> <a
href="http://texy.info">texy</a> <a href="http://texy.info">texy</a> <a
href="http://texy.info">texy</a> <a href="http://texy.info">texy</a> <a
href="http://texy.info">texy</a> <a href="http://texy.info">texy</a> <a
href="http://texy.info">texy</a> <a href="http://texy.info">texy</a> <a
href="http://texy.info">texy</a> <a href="http://texy.info">texy</a> <a
href="http://texy.info">texy</a> <a href="http://texy.info">texy</a> <a
href="http://texy.info">texy</a> <a href="http://texy.info">texy</a> <a
href="http://texy.info">texy</a> <a href="http://texy.info">texy</a> <a
href="http://texy.info">texy</a> <a href="http://texy.info">texy</a> <a
href="http://texy.info">texy</a> <a href="http://texy.info">texy</a> <a
href="http://texy.info">texy</a> <a href="http://texy.info">texy</a> <a
href="http://texy.info">texy</a> <a href="http://texy.info">texy</a> <a
href="http://texy.info">texy</a> <a href="http://texy.info">texy</a> <a
href="http://texy.info">texy</a> <a href="http://texy.info">texy</a> <a
href="http://texy.info">texy</a> <a href="http://texy.info">texy</a> <a
href="http://texy.info">texy</a> <a href="http://texy.info">texy</a> <a
href="http://texy.info">texy</a> <a href="http://texy.info">texy</a> <a
href="http://texy.info">texy</a> <a href="http://texy.info">texy</a> <a
href="http://texy.info">texy</a> <a href="http://texy.info">texy</a> <a
href="http://texy.info">texy</a> <a href="http://texy.info">texy</a> <a
href="http://texy.info">texy</a> <a href="http://texy.info">texy</a> <a
href="http://texy.info">texy</a> <a href="http://texy.info">texy</a> <a
href="http://texy.info">texy</a> <a href="http://texy.info">texy</a> <a
href="http://texy.info">texy</a> <a href="http://texy.info">texy</a> <a
href="http://texy.info">texy</a> <a href="http://texy.info">texy</a> <a
href="http://texy.info">texy</a> <a href="http://texy.info">texy</a> <a
href="http://texy.info">texy</a> <a href="http://texy.info">texy</a> <a
href="http://texy.info">texy</a> <a href="http://texy.info">texy</a> <a
href="http://texy.info">texy</a> <a href="http://texy.info">texy</a> <a
href="http://texy.info">texy</a> <a href="http://texy.info">texy</a> <a
href="http://texy.info">texy</a> <a href="http://texy.info">texy</a> <a
href="http://texy.info">texy</a> <a href="http://texy.info">texy</a> <a
href="http://texy.info">texy</a> <a href="http://texy.info">texy</a> <a
href="http://texy.info">texy</a> <a href="http://texy.info">texy</a> <a
href="http://texy.info">texy</a> <a href="http://texy.info">texy</a> <a
href="http://texy.info">texy</a> <a href="http://texy.info">texy</a> <a
href="http://texy.info">texy</a> <a href="http://texy.info">texy</a> <a
href="http://texy.info">texy</a> <a href="http://texy.info">texy</a> <a
href="http://texy.info">texy</a> <a href="http://texy.info">texy</a> <a
href="http://texy.info">texy</a> <a href="http://texy.info">texy</a> <a
href="http://texy.info">texy</a> <a href="http://texy.info">texy</a> <a
href="http://texy.info">texy</a> <a href="http://texy.info">texy</a> <a
href="http://texy.info">texy</a> <a href="http://texy.info">texy</a> <a
href="http://texy.info">texy</a> <a href="http://texy.info">texy</a> <a
href="http://texy.info">texy</a> <a href="http://texy.info">texy</a> <a
href="http://texy.info">texy</a> <a href="http://texy.info">texy</a> <a
href="http://texy.info">texy</a> <a href="http://texy.info">texy</a> <a
href="http://texy.info">texy</a> <a href="http://texy.info">texy</a> <a
href="http://texy.info">texy</a> <a href="http://texy.info">texy</a> <a
href="http://texy.info">texy</a> <a href="http://texy.info">texy</a> <a
href="http://texy.info">texy</a> <a href="http://texy.info">texy</a> <a
href="http://texy.info">texy</a> <a href="http://texy.info">texy</a> <a
href="http://texy.info">texy</a> <a href="http://texy.info">texy</a> <a
href="http://texy.info">texy</a> <a href="http://texy.info">texy</a> <a
href="http://texy.info">texy</a> <a href="http://texy.info">texy</a> <a
href="http://texy.info">texy</a> <a href="http://texy.info">texy</a> <a
href="http://texy.info">texy</a> <a href="http://texy.info">texy</a> <a
href="http://texy.info">texy</a> <a href="http://texy.info">texy</a> <a
href="http://texy.info">texy</a> <a href="http://texy.info">texy</a> <a
href="http://texy.info">texy</a> <a href="http://texy.info">texy</a> <a
href="http://texy.info">texy</a> <a href="http://texy.info">texy</a> <a
href="http://texy.info">texy</a> <a href="http://texy.info">texy</a> <a
href="http://texy.info">texy</a> <a href="http://texy.info">texy</a> <a
href="http://texy.info">texy</a> <a href="http://texy.info">texy</a> <a
href="http://texy.info">texy</a> <a href="http://texy.info">texy</a> <a
href="http://texy.info">texy</a> <a href="http://texy.info">texy</a> <a
href="http://texy.info">texy</a> <a href="http://texy.info">texy</a> <a
href="http://texy.info">texy</a> <a href="http://texy.info">texy</a> <a
href="http://texy.info">texy</a> <a href="http://texy.info">texy</a> <a
href="http://texy.info">texy</a> <a href="http://texy.info">texy</a> <a
href="http://texy.info">texy</a> <a href="http://texy.info">texy</a> <a
href="http://texy.info">texy</a> <a href="http://texy.info">texy</a> <a
href="http://texy.info">texy</a> <a href="http://texy.info">texy</a> <a
href="http://texy.info">texy</a> <a href="http://texy.info">texy</a> <a
href="http://texy.info">texy</a> <a href="http://texy.info">texy</a> <a
href="http://texy.info">texy</a> <a href="http://texy.info">texy</a> <a
href="http://texy.info">texy</a> <a href="http://texy.info">texy</a> <a
href="http://texy.info">texy</a> <a href="http://texy.info">texy</a> <a
href="http://texy.info">texy</a> <a href="http://texy.info">texy</a> <a
href="http://texy.info">texy</a> <a href="http://texy.info">texy</a> <a
href="http://texy.info">texy</a> <a href="http://texy.info">texy</a> <a
href="http://texy.info">texy</a> <a href="http://texy.info">texy</a> <a
href="http://texy.info">texy</a> <a href="http://texy.info">texy</a> <a
href="http://texy.info">texy</a> <a href="http://texy.info">texy</a> <a
href="http://texy.info">texy</a> <a href="http://texy.info">texy</a> <a
href="http://texy.info">texy</a> <a href="http://texy.info">texy</a> <a
href="http://texy.info">texy</a> <a href="http://texy.info">texy</a> <a
href="http://texy.info">texy</a> <a href="http://texy.info">texy</a> <a
href="http://texy.info">texy</a> <a href="http://texy.info">texy</a> <a
href="http://texy.info">texy</a> <a href="http://texy.info">texy</a> <a
href="http://texy.info">texy</a> <a href="http://texy.info">texy</a> <a
href="http://texy.info">texy</a> <a href="http://texy.info">texy</a> <a
href="http://texy.info">texy</a> <a href="http://texy.info">texy</a> <a
href="http://texy.info">texy</a> <a href="http://texy.info">texy</a> <a
href="http://texy.info">texy</a> <a href="http://texy.info">texy</a> <a
href="http://texy.info">texy</a> <a href="http://texy.info">texy</a> <a
href="http://texy.info">texy</a> <a href="http://texy.info">texy</a> <a
href="http://texy.info">texy</a> <a href="http://texy.info">texy</a> <a
href="http://texy.info">texy</a> <a href="http://texy.info">texy</a> <a
href="http://texy.info">texy</a> <a href="http://texy.info">texy</a> <a
href="http://texy.info">texy</a> <a href="http://texy.info">texy</a> <a
href="http://texy.info">texy</a> <a href="http://texy.info">texy</a> <a
href="http://texy.info">texy</a> <a href="http://texy.info">texy</a> <a
href="http://texy.info">texy</a> <a href="http://texy.info">texy</a> <a
href="http://texy.info">texy</a> <a href="http://texy.info">texy</a> <a
href="http://texy.info">texy</a> <a href="http://texy.info">texy</a> <a
href="http://texy.info">texy</a> <a href="http://texy.info">texy</a> <a
href="http://texy.info">texy</a> <a href="http://texy.info">texy</a> <a
href="http://texy.info">texy</a> <a href="http://texy.info">texy</a> <a
href="http://texy.info">texy</a> <a href="http://texy.info">texy</a> <a
href="http://texy.info">texy</a> <a href="http://texy.info">texy</a> <a
href="http://texy.info">texy</a> <a href="http://texy.info">texy</a> <a
href="http://texy.info">texy</a> <a href="http://texy.info">texy</a> <a
href="http://texy.info">texy</a> <a href="http://texy.info">texy</a> <a
href="http://texy.info">texy</a> <a href="http://texy.info">texy</a> <a
href="http://texy.info">texy</a> <a href="http://texy.info">texy</a> <a
href="http://texy.info">texy</a> <a href="http://texy.info">texy</a> <a
href="http://texy.info">texy</a> <a href="http://texy.info">texy</a> <a
href="http://texy.info">texy</a> <a href="http://texy.info">texy</a> <a
href="http://texy.info">texy</a> <a href="http://texy.info">texy</a> <a
href="http://texy.info">texy</a> <a href="http://texy.info">texy</a> <a
href="http://texy.info">texy</a> <a href="http://texy.info">texy</a> <a
href="http://texy.info">texy</a> <a href="http://texy.info">texy</a> <a
href="http://texy.info">texy</a> <a href="http://texy.info">texy</a> <a
href="http://texy.info">texy</a> <a href="http://texy.info">texy</a> <a
href="http://texy.info">texy</a> <a href="http://texy.info">texy</a> <a
href="http://texy.info">texy</a> <a href="http://texy.info">texy</a> <a
href="http://texy.info">texy</a> <a href="http://texy.info">texy</a> <a
href="http://texy.info">texy</a> <a href="http://texy.info">texy</a> <a
href="http://texy.info">texy</a> <a href="http://texy.info">texy</a> <a
href="http://texy.info">texy</a> <a href="http://texy.info">texy</a> <a
href="http://texy.info">texy</a> <a href="http://texy.info">texy</a> <a
href="http://texy.info">texy</a> <a href="http://texy.info">texy</a> <a
href="http://texy.info">texy</a> <a href="http://texy.info">texy</a> <a
href="http://texy.info">texy</a> <a href="http://texy.info">texy</a> <a
href="http://texy.info">texy</a> <a href="http://texy.info">texy</a> <a
href="http://texy.info">texy</a> <a href="http://texy.info">texy</a> <a
href="http://texy.info">texy</a> <a href="http://texy.info">texy</a> <a
href="http://texy.info">texy</a> <a href="http://texy.info">texy</a> <a
href="http://texy.info">texy</a> <a href="http://texy.info">texy</a> <a
href="http://texy.info">texy</a> <a href="http://texy.info">texy</a> <a
href="http://texy.info">texy</a> <a href="http://texy.info">texy</a> <a
href="http://texy.info">texy</a> <a href="http://texy.info">texy</a> <a
href="http://texy.info">texy</a> <a href="http://texy.info">texy</a> <a
href="http://texy.info">texy</a> <a href="http://texy.info">texy</a> <a
href="http://texy.info">texy</a> <a href="http://texy.info">texy</a> <a
href="http://texy.info">texy</a> <a href="http://texy.info">texy</a> <a
href="http://texy.info">texy</a> <a href="http://texy.info">texy</a> <a
href="http://texy.info">texy</a> <a href="http://texy.info">texy</a> <a
href="http://texy.info">texy</a> <a href="http://texy.info">texy</a> <a
href="http://texy.info">texy</a> <a href="http://texy.info">texy</a> <a
href="http://texy.info">texy</a> <a href="http://texy.info">texy</a> <a
href="http://texy.info">texy</a> <a href="http://texy.info">texy</a> <a
href="http://texy.info">texy</a> <a href="http://texy.info">texy</a> <a
href="http://texy.info">texy</a> <a href="http://texy.info">texy</a> <a
href="http://texy.info">texy</a> <a href="http://texy.info">texy</a> <a
href="http://texy.info">texy</a> <a href="http://texy.info">texy</a> <a
href="http://texy.info">texy</a> <a href="http://texy.info">texy</a> <a
href="http://texy.info">texy</a> <a href="http://texy.info">texy</a> <a
href="http://texy.info">texy</a> <a href="http://texy.info">texy</a> <a
href="http://texy.info">texy</a> <a href="http://texy.info">texy</a> <a
href="http://texy.info">texy</a> <a href="http://texy.info">texy</a> <a
href="http://texy.info">texy</a> <a href="http://texy.info">texy</a> <a
href="http://texy.info">texy</a> <a href="http://texy.info">texy</a> <a
href="http://texy.info">texy</a> <a href="http://texy.info">texy</a> <a
href="http://texy.info">texy</a> <a href="http://texy.info">texy</a> <a
href="http://texy.info">texy</a> <a href="http://texy.info">texy</a> <a
href="http://texy.info">texy</a> <a href="http://texy.info">texy</a> <a
href="http://texy.info">texy</a> <a href="http://texy.info">texy</a> <a
href="http://texy.info">texy</a> <a href="http://texy.info">texy</a> <a
href="http://texy.info">texy</a> <a href="http://texy.info">texy</a> <a
href="http://texy.info">texy</a> <a href="http://texy.info">texy</a> <a
href="http://texy.info">texy</a> <a href="http://texy.info">texy</a> <a
href="http://texy.info">texy</a> <a href="http://texy.info">texy</a> <a
href="http://texy.info">texy</a> <a href="http://texy.info">texy</a> <a
href="http://texy.info">texy</a> <a href="http://texy.info">texy</a> <a
href="http://texy.info">texy</a> <a href="http://texy.info">texy</a> <a
href="http://texy.info">texy</a> <a href="http://texy.info">texy</a> <a
href="http://texy.info">texy</a> <a href="http://texy.info">texy</a> <a
href="http://texy.info">texy</a> <a href="http://texy.info">texy</a> <a
href="http://texy.info">texy</a> <a href="http://texy.info">texy</a> <a
href="http://texy.info">texy</a> <a href="http://texy.info">texy</a> <a
href="http://texy.info">texy</a> <a href="http://texy.info">texy</a> <a
href="http://texy.info">texy</a> <a href="http://texy.info">texy</a> <a
href="http://texy.info">texy</a> <a href="http://texy.info">texy</a> <a
href="http://texy.info">texy</a> <a href="http://texy.info">texy</a> <a
href="http://texy.info">texy</a> <a href="http://texy.info">texy</a> <a
href="http://texy.info">texy</a> <a href="http://texy.info">texy</a> <a
href="http://texy.info">texy</a> <a href="http://texy.info">texy</a> <a
href="http://texy.info">texy</a> <a href="http://texy.info">texy</a> <a
href="http://texy.info">texy</a> <a href="http://texy.info">texy</a> <a
href="http://texy.info">texy</a> <a href="http://texy.info">texy</a> <a
href="http://texy.info">texy</a> <a href="http://texy.info">texy</a> <a
href="http://texy.info">texy</a> <a href="http://texy.info">texy</a> <a
href="http://texy.info">texy</a> <a href="http://texy.info">texy</a> <a
href="http://texy.info">texy</a> <a href="http://texy.info">texy</a> <a
href="http://texy.info">texy</a> <a href="http://texy.info">texy</a> <a
href="http://texy.info">texy</a> <a href="http://texy.info">texy</a> <a
href="http://texy.info">texy</a> <a href="http://texy.info">texy</a> <a
href="http://texy.info">texy</a> <a href="http://texy.info">texy</a> <a
href="http://texy.info">texy</a> <a href="http://texy.info">texy</a> <a
href="http://texy.info">texy</a> <a href="http://texy.info">texy</a> <a
href="http://texy.info">texy</a> <a href="http://texy.info">texy</a> <a
href="http://texy.info">texy</a> <a href="http://texy.info">texy</a> <a
href="http://texy.info">texy</a> <a href="http://texy.info">texy</a> <a
href="http://texy.info">texy</a> <a href="http://texy.info">texy</a> <a
href="http://texy.info">texy</a> <a href="http://texy.info">texy</a> <a
href="http://texy.info">texy</a> <a href="http://texy.info">texy</a> <a
href="http://texy.info">texy</a> <a href="http://texy.info">texy</a> <a
href="http://texy.info">texy</a> <a href="http://texy.info">texy</a> <a
href="http://texy.info">texy</a> <a href="http://texy.info">texy</a> <a
href="http://texy.info">texy</a> <a href="http://texy.info">texy</a> <a
href="http://texy.info">texy</a> <a href="http://texy.info">texy</a> <a
href="http://texy.info">texy</a> <a href="http://texy.info">texy</a> <a
href="http://texy.info">texy</a> <a href="http://texy.info">texy</a> <a
href="http://texy.info">texy</a> <a href="http://texy.info">texy</a> <a
href="http://texy.info">texy</a> <a href="http://texy.info">texy</a> <a
href="http://texy.info">texy</a> <a href="http://texy.info">texy</a> <a
href="http://texy.info">texy</a> <a href="http://texy.info">texy</a> <a
href="http://texy.info">texy</a> <a href="http://texy.info">texy</a> <a
href="http://texy.info">texy</a> <a href="http://texy.info">texy</a> <a
href="http://texy.info">texy</a> <a href="http://texy.info">texy</a> <a
href="http://texy.info">texy</a> <a href="http://texy.info">texy</a> <a
href="http://texy.info">texy</a> <a href="http://texy.info">texy</a> <a
href="http://texy.info">texy</a> <a href="http://texy.info">texy</a> <a
href="http://texy.info">texy</a> <a href="http://texy.info">texy</a> <a
href="http://texy.info">texy</a> <a href="http://texy.info">texy</a> <a
href="http://texy.info">texy</a> <a href="http://texy.info">texy</a> <a
href="http://texy.info">texy</a> <a href="http://texy.info">texy</a> <a
href="http://texy.info">texy</a> <a href="http://texy.info">texy</a> <a
href="http://texy.info">texy</a> <a href="http://texy.info">texy</a> <a
href="http://texy.info">texy</a> <a href="http://texy.info">texy</a> <a
href="http://texy.info">texy</a> <a href="http://texy.info">texy</a> <a
href="http://texy.info">texy</a> <a href="http://texy.info">texy</a> <a
href="http://texy.info">texy</a> <a href="http://texy.info">texy</a> <a
href="http://texy.info">texy</a> <a href="http://texy.info">texy</a> <a
href="http://texy.info">texy</a> <a href="http://texy.info">texy</a> <a
href="http://texy.info">texy</a> <a href="http://texy.info">texy</a> <a
href="http://texy.info">texy</a> <a href="http://texy.info">texy</a> <a
href="http://texy.info">texy</a> <a href="http://texy.info">texy</a> <a
href="http://texy.info">texy</a> <a href="http://texy.info">texy</a> <a
href="http://texy.info">texy</a> <a href="http://texy.info">texy</a> <a
href="http://texy.info">texy</a> <a href="http://texy.info">texy</a> <a
href="http://texy.info">texy</a> <a href="http://texy.info">texy</a> <a
href="http://texy.info">texy</a> <a href="http://texy.info">texy</a> <a
href="http://texy.info">texy</a> <a href="http://texy.info">texy</a> <a
href="http://texy.info">texy</a> <a href="http://texy.info">texy</a> <a
href="http://texy.info">texy</a> <a href="http://texy.info">texy</a> <a
href="http://texy.info">texy</a> <a href="http://texy.info">texy</a> <a
href="http://texy.info">texy</a> <a href="http://texy.info">texy</a> <a
href="http://texy.info">texy</a> <a href="http://texy.info">texy</a> <a
href="http://texy.info">texy</a> <a href="http://texy.info">texy</a> <a
href="http://texy.info">texy</a> <a href="http://texy.info">texy</a> <a
href="http://texy.info">texy</a> <a href="http://texy.info">texy</a> <a
href="http://texy.info">texy</a> <a href="http://texy.info">texy</a> <a
href="http://texy.info">texy</a> <a href="http://texy.info">texy</a> <a
href="http://texy.info">texy</a> <a href="http://texy.info">texy</a> <a
href="http://texy.info">texy</a> <a href="http://texy.info">texy</a> <a
href="http://texy.info">texy</a> <a href="http://texy.info">texy</a> <a
href="http://texy.info">texy</a> <a href="http://texy.info">texy</a> <a
href="http://texy.info">texy</a> <a href="http://texy.info">texy</a> <a
href="http://texy.info">texy</a> <a href="http://texy.info">texy</a> <a
href="http://texy.info">texy</a> <a href="http://texy.info">texy</a> <a
href="http://texy.info">texy</a> <a href="http://texy.info">texy</a> <a
href="http://texy.info">texy</a> <a href="http://texy.info">texy</a> <a
href="http://texy.info">texy</a> <a href="http://texy.info">texy</a> <a
href="http://texy.info">texy</a> <a href="http://texy.info">texy</a> <a
href="http://texy.info">texy</a> <a href="http://texy.info">texy</a> <a
href="http://texy.info">texy</a> <a href="http://texy.info">texy</a> <a
href="http://texy.info">texy</a> <a href="http://texy.info">texy</a> <a
href="http://texy.info">texy</a> <a href="http://texy.info">texy</a> <a
href="http://texy.info">texy</a> <a href="http://texy.info">texy</a> <a
href="http://texy.info">texy</a> <a href="http://texy.info">texy</a> <a
href="http://texy.info">texy</a> <a href="http://texy.info">texy</a> <a
href="http://texy.info">texy</a> <a href="http://texy.info">texy</a> <a
href="http://texy.info">texy</a> <a href="http://texy.info">texy</a> <a
href="http://texy.info">texy</a> <a href="http://texy.info">texy</a> <a
href="http://texy.info">texy</a> <a href="http://texy.info">texy</a> <a
href="http://texy.info">texy</a> <a href="http://texy.info">texy</a> <a
href="http://texy.info">texy</a> <a href="http://texy.info">texy</a> <a
href="http://texy.info">texy</a> <a href="http://texy.info">texy</a> <a
href="http://texy.info">texy</a> <a href="http://texy.info">texy</a> <a
href="http://texy.info">texy</a> <a href="http://texy.info">texy</a> <a
href="http://texy.info">texy</a> <a href="http://texy.info">texy</a> <a
href="http://texy.info">texy</a> <a href="http://texy.info">texy</a> <a
href="http://texy.info">texy</a> <a href="http://texy.info">texy</a> <a
href="http://texy.info">texy</a> <a href="http://texy.info">texy</a> <a
href="http://texy.info">texy</a> <a href="http://texy.info">texy</a> <a
href="http://texy.info">texy</a> <a href="http://texy.info">texy</a> <a
href="http://texy.info">texy</a> <a href="http://texy.info">texy</a> <a
href="http://texy.info">texy</a> <a href="http://texy.info">texy</a> <a
href="http://texy.info">texy</a> <a href="http://texy.info">texy</a> <a
href="http://texy.info">texy</a> <a href="http://texy.info">texy</a> <a
href="http://texy.info">texy</a> <a href="http://texy.info">texy</a> <a
href="http://texy.info">texy</a> <a href="http://texy.info">texy</a> <a
href="http://texy.info">texy</a> <a href="http://texy.info">texy</a> <a
href="http://texy.info">texy</a> <a href="http://texy.info">texy</a> <a
href="http://texy.info">texy</a> <a href="http://texy.info">texy</a> <a
href="http://texy.info">texy</a> <a href="http://texy.info">texy</a> <a
href="http://texy.info">texy</a> <a href="http://texy.info">texy</a> <a
href="http://texy.info">texy</a> <a href="http://texy.info">texy</a> <a
href="http://texy.info">texy</a> <a href="http://texy.info">texy</a> <a
href="http://texy.info">texy</a> <a href="http://texy.info">texy</a> <a
href="http://texy.info">texy</a> <a href="http://texy.info">texy</a> <a
href="http://texy.info">texy</a> <a href="http://texy.info">texy</a> <a
href="http://texy.info">texy</a> <a href="http://texy.info">texy</a> <a
href="http://texy.info">texy</a> <a href="http://texy.info">texy</a> <a
href="http://texy.info">texy</a> <a href="http://texy.info">texy</a> <a
href="http://texy.info">texy</a> <a href="http://texy.info">texy</a> <a
href="http://texy.info">texy</a> <a href="http://texy.info">texy</a> <a
href="http://texy.info">texy</a> <a href="http://texy.info">texy</a> <a
href="http://texy.info">texy</a> <a href="http://texy.info">texy</a> <a
href="http://texy.info">texy</a> <a href="http://texy.info">texy</a> <a
href="http://texy.info">texy</a> <a href="http://texy.info">texy</a> <a
href="http://texy.info">texy</a> <a href="http://texy.info">texy</a> <a
href="http://texy.info">texy</a> <a href="http://texy.info">texy</a> <a
href="http://texy.info">texy</a> <a href="http://texy.info">texy</a> <a
href="http://texy.info">texy</a> <a href="http://texy.info">texy</a> <a
href="http://texy.info">texy</a> <a href="http://texy.info">texy</a> <a
href="http://texy.info">texy</a> <a href="http://texy.info">texy</a> <a
href="http://texy.info">texy</a> <a href="http://texy.info">texy</a> <a
href="http://texy.info">texy</a> <a href="http://texy.info">texy</a> <a
href="http://texy.info">texy</a> <a href="http://texy.info">texy</a> <a
href="http://texy.info">texy</a> <a href="http://texy.info">texy</a> <a
href="http://texy.info">texy</a> <a href="http://texy.info">texy</a> <a
href="http://texy.info">texy</a> <a href="http://texy.info">texy</a> <a
href="http://texy.info">texy</a> <a href="http://texy.info">texy</a> <a
href="http://texy.info">texy</a> <a href="http://texy.info">texy</a> <a
href="http://texy.info">texy</a> <a href="http://texy.info">texy</a> <a
href="http://texy.info">texy</a> <a href="http://texy.info">texy</a> <a
href="http://texy.info">texy</a> <a href="http://texy.info">texy</a> <a
href="http://texy.info">texy</a> <a href="http://texy.info">texy</a> <a
href="http://texy.info">texy</a> <a href="http://texy.info">texy</a> <a
href="http://texy.info">texy</a> <a href="http://texy.info">texy</a> <a
href="http://texy.info">texy</a> <a href="http://texy.info">texy</a> <a
href="http://texy.info">texy</a> <a href="http://texy.info">texy</a> <a
href="http://texy.info">texy</a> <a href="http://texy.info">texy</a> <a
href="http://texy.info">texy</a> <a href="http://texy.info">texy</a> <a
href="http://texy.info">texy</a> <a href="http://texy.info">texy</a> <a
href="http://texy.info">texy</a> <a href="http://texy.info">texy</a> <a
href="http://texy.info">texy</a> <a href="http://texy.info">texy</a> <a
href="http://texy.info">texy</a> <a href="http://texy.info">texy</a> <a
href="http://texy.info">texy</a> <a href="http://texy.info">texy</a> <a
href="http://texy.info">texy</a> <a href="http://texy.info">texy</a> <a
href="http://texy.info">texy</a> <a href="http://texy.info">texy</a> <a
href="http://texy.info">texy</a> <a href="http://texy.info">texy</a> <a
href="http://texy.info">texy</a> <a href="http://texy.info">texy</a> <a
href="http://texy.info">texy</a> <a href="http://texy.info">texy</a> <a
href="http://texy.info">texy</a> <a href="http://texy.info">texy</a> <a
href="http://texy.info">texy</a> <a href="http://texy.info">texy</a> <a
href="http://texy.info">texy</a> <a href="http://texy.info">texy</a> <a
href="http://texy.info">texy</a> <a href="http://texy.info">texy</a> <a
href="http://texy.info">texy</a> <a href="http://texy.info">texy</a> <a
href="http://texy.info">texy</a> <a href="http://texy.info">texy</a> <a
href="http://texy.info">texy</a> <a href="http://texy.info">texy</a> <a
href="http://texy.info">texy</a> <a href="http://texy.info">texy</a> <a
href="http://texy.info">texy</a> <a href="http://texy.info">texy</a> <a
href="http://texy.info">texy</a> <a href="http://texy.info">texy</a> <a
href="http://texy.info">texy</a> <a href="http://texy.info">texy</a> <a
href="http://texy.info">texy</a> <a href="http://texy.info">texy</a> <a
href="http://texy.info">texy</a> <a href="http://texy.info">texy</a> <a
href="http://texy.info">texy</a> <a href="http://texy.info">texy</a> <a
href="http://texy.info">texy</a> <a href="http://texy.info">texy</a> <a
href="http://texy.info">texy</a> <a href="http://texy.info">texy</a> <a
href="http://texy.info">texy</a> <a href="http://texy.info">texy</a> <a
href="http://texy.info">texy</a> <a href="http://texy.info">texy</a> <a
href="http://texy.info">texy</a> <a href="http://texy.info">texy</a> <a
href="http://texy.info">texy</a> <a href="http://texy.info">texy</a> <a
href="http://texy.info">texy</a> <a href="http://texy.info">texy</a> <a
href="http://texy.info">texy</a> <a href="http://texy.info">texy</a> <a
href="http://texy.info">texy</a> <a href="http://texy.info">texy</a> <a
href="http://texy.info">texy</a> <a href="http://texy.info">texy</a> <a
href="http://texy.info">texy</a> <a href="http://texy.info">texy</a> <a
href="http://texy.info">texy</a> <a href="http://texy.info">texy</a> <a
href="http://texy.info">texy</a> <a href="http://texy.info">texy</a> <a
href="http://texy.info">texy</a> <a href="http://texy.info">texy</a> <a
href="http://texy.info">texy</a> <a href="http://texy.info">texy</a> <a
href="http://texy.info">texy</a> <a href="http://texy.info">texy</a> <a
href="http://texy.info">texy</a> <a href="http://texy.info">texy</a> <a
href="http://texy.info">texy</a> <a href="http://texy.info">texy</a> <a
href="http://texy.info">texy</a> <a href="http://texy.info">texy</a> <a
href="http://texy.info">texy</a> <a href="http://texy.info">texy</a> <a
href="http://texy.info">texy</a> <a href="http://texy.info">texy</a> <a
href="http://texy.info">texy</a> <a href="http://texy.info">texy</a> <a
href="http://texy.info">texy</a> <a href="http://texy.info">texy</a> <a
href="http://texy.info">texy</a> <a href="http://texy.info">texy</a> <a
href="http://texy.info">texy</a> <a href="http://texy.info">texy</a> <a
href="http://texy.info">texy</a> <a href="http://texy.info">texy</a> <a
href="http://texy.info">texy</a> <a href="http://texy.info">texy</a> <a
href="http://texy.info">texy</a> <a href="http://texy.info">texy</a> <a
href="http://texy.info">texy</a> <a href="http://texy.info">texy</a> <a
href="http://texy.info">texy</a> <a href="http://texy.info">texy</a> <a
href="http://texy.info">texy</a> <a href="http://texy.info">texy</a> <a
href="http://texy.info">texy</a> <a href="http://texy.info">texy</a> <a
href="http://texy.info">texy</a> <a href="http://texy.info">texy</a> <a
href="http://texy.info">texy</a> <a href="http://texy.info">texy</a> <a
href="http://texy.info">texy</a> <a href="http://texy.info">texy</a> <a
href="http://texy.info">texy</a> <a href="http://texy.info">texy</a> <a
href="http://texy.info">texy</a> <a href="http://texy.info">texy</a> <a
href="http://texy.info">texy</a> <a href="http://texy.info">texy</a> <a
href="http://texy.info">texy</a> <a href="http://texy.info">texy</a> <a
href="http://texy.info">texy</a> <a href="http://texy.info">texy</a> <a
href="http://texy.info">texy</a> <a href="http://texy.info">texy</a></p>
