<pre class="php"><code>&lt;?php
if (strpos($_SERVER['REQUEST_URI'], 'controller.php')) $_SERVER['REQUEST_URI'] = '/cs/try/';</code></pre>
