<p class="myclass">toto je odstavec<br />
s vice radky</p>

<p class="myclass">toto je odstavec<br />
s vice radky</p>

<p class="myclass">toto je odstavec<br />
s vice radky</p>

<p class="myclass">toto je odstavec<br />
s vice radky</p>

<p title="test" style="text-align:right">Lorem ipsum dolor sit amet, consectetuer adipiscing elit. Curabitur turpis enim, placerat tincidunt, tincidunt ac, fringilla et, mauris.<br
/>
A následují řádky<br />
které Texy! oddělí elementem <code>&lt;br&gt; &amp;nbsp;</code></p>

<p style="text-align:right"><strong>Odstavec zarovnaný <em>doprava.</em></strong><em> Lorem</em> ipsum dolor sit amet, consectetuer adipiscing elit. Curabitur turpis enim,
placerat tincidunt, tincidunt ac, fringilla et, mauris.</p>

<p style="color:blue"><strong>Odstavec psaný modrou <a href="xxx/link">barvou.</a></strong><a href="xxx/link"> Curabitur</a> quam justo, hendrerit a, mattis ut, ultrices at, dui.
In mollis. Ut pellentesque erat vehicula nunc. Ut ultricies. Nulla nunc velit, consequat vel, laoreet in, blandit et, eros.</p>
