<p>This is user image <img src="../images/image.gif" alt="Texy! logo" /></p>

<p>And this is user image with user link <a href="../images/big/image-big.gif" onclick="return !popupImage(this.href)"><img src="../images/image.gif" alt="Texy! logo" /></a></p>
